]0;~/Documents/iisgR[?1034hag-fnr-0001ml:iisgR carltons$ [Kag-fnr-0001ml:iisgR carltons$ pwd
/Users/carltons/Documents/iisgR
]0;~/Documents/iisgRag-fnr-0001ml:iisgR carltons$ touch DESCRIPTION
]0;~/Documents/iisgRag-fnr-0001ml:iisgR carltons$ [Kag-fnr-0001ml:iisgR carltons$ touch iis[K[K[KiisgColor[K[K[K[K[K-colors.R
]0;~/Documents/iisgRag-fnr-0001ml:iisgR carltons$ rm iisg-colors.R 
]0;~/Documents/iisgRag-fnr-0001ml:iisgR carltons$ ls
DESCRIPTION	R		iisgR.Rproj
]0;~/Documents/iisgRag-fnr-0001ml:iisgR carltons$ touch[K[K[K[K[Kcd R
]0;~/Documents/iisgR/Rag-fnr-0001ml:R carltons$ ls
]0;~/Documents/iisgR/Rag-fnr-0001ml:R carltons$ touch iisgcolors.R[K[K[K[K[K[K[K[K[K[K[K[Kiisgcolors.r[KR
]0;~/Documents/iisgR/Rag-fnr-0001ml:R carltons$ [Kag-fnr-0001ml:R carltons$ pwd
/Users/carltons/Documents/iisgR/R
]0;~/Documents/iisgR/Rag-fnr-0001ml:R carltons$ cd ~/Documents/
]0;~/Documentsag-fnr-0001ml:Documents carltons$ pwd
/Users/carltons/Documents
]0;~/Documentsag-fnr-0001ml:Documents carltons$ R CMD build iisgc[KR/[K
* checking for file ‘iisgR/DESCRIPTION’ ... OK
* preparing ‘iisgR’:
* checking DESCRIPTION meta-information ... OK
* checking for LF line-endings in source and make files and shell scripts
* checking for empty or unneeded directories
* creating default NAMESPACE file
* building ‘iisgR_0.1.tar.gz’
Warning: invalid uid value replaced by that for user 'nobody'
Warning: invalid gid value replaced by that for user 'nobody'

]0;~/Documentsag-fnr-0001ml:Documents carltons$ R CMD INSTALL iisgR_0.1.tar.gz 
* installing to library ‘/Users/carltons/Library/R/3.6/library’
* installing *source* package ‘iisgR’ ...
** using staged installation
** R
** byte-compile and prepare package for lazy loading
** help
No man pages found in package  ‘iisgR’ 
*** installing help indices
** building package indices
** testing if installed package can be loaded from temporary location
** testing if installed package can be loaded from final location
** testing if installed package keeps a record of temporary installation path
* DONE (iisgR)
]0;~/Documents[?1034hag-fnr-0001ml:Documents carltons$ pwd
/Users/carltons/Documents
]0;~/Documentsag-fnr-0001ml:Documents carltons$ cd iisgR
]0;~/Documents/iisgRag-fnr-0001ml:iisgR carltons$ ls
DESCRIPTION	R		iisgR.Rproj
]0;~/Documents/iisgRag-fnr-0001ml:iisgR carltons$ touch NAMESPACE
]0;~/Documents/iisgRag-fnr-0001ml:iisgR carltons$ install.packages(devtools)
bash: syntax error near unexpected token `devtools'
]0;~/Documents/iisgRag-fnr-0001ml:iisgR carltons$ install.packages(devtools);)4)D)[1P)[1P)[1P)"devtools)[C[C[C[C[C[C[C[C")
bash: syntax error near unexpected token `"devtools"'
]0;~/Documents/iisgRag-fnr-0001ml:iisgR carltons$ ls
DESCRIPTION	NAMESPACE	R		iisgR.Rproj
]0;~/Documents/iisgRag-fnr-0001ml:iisgR carltons$ rm NAMESPACE 
]0;~/Documents/iisgRag-fnr-0001ml:iisgR carltons$ touch LICENSE
]0;~/Documents/iisgRag-fnr-0001ml:iisgR carltons$ pwd
/Users/carltons/Documents/iisgR
]0;~/Documents/iisgRag-fnr-0001ml:iisgR carltons$ git init
Initialized empty Git repository in /Users/carltons/Documents/iisgR/.git/
]0;~/Documents/iisgRag-fnr-0001ml:iisgR carltons$ git add .
]0;~/Documents/iisgRag-fnr-0001ml:iisgR carltons$ git commit -m "initial commit"[K of mon[K[Kinimum viable package"
[master (root-commit) f162237] initial commit of minimum viable package
 37 files changed, 534 insertions(+)
 create mode 100644 .DS_Store
 create mode 100644 .Rbuildignore
 create mode 100644 .Rproj.user/702E4B2B/console06/E242CE18
 create mode 100644 .Rproj.user/702E4B2B/console06/E242CE18.env
 create mode 100644 .Rproj.user/702E4B2B/console06/INDEX001
 create mode 100644 .Rproj.user/702E4B2B/pcs/files-pane.pper
 create mode 100644 .Rproj.user/702E4B2B/pcs/source-pane.pper
 create mode 100644 .Rproj.user/702E4B2B/pcs/windowlayoutstate.pper
 create mode 100644 .Rproj.user/702E4B2B/pcs/workbench-pane.pper
 create mode 100644 .Rproj.user/702E4B2B/persistent-state
 create mode 100644 .Rproj.user/702E4B2B/rmd-outputs
 create mode 100644 .Rproj.user/702E4B2B/saved_source_markers
 create mode 100644 .Rproj.user/702E4B2B/sources/prop/70AA8B5
 create mode 100644 .Rproj.user/702E4B2B/sources/prop/84818B3D
 create mode 100644 .Rproj.user/702E4B2B/sources/prop/B29A768C
 create mode 100644 .Rproj.user/702E4B2B/sources/prop/CFADCAAB
 create mode 100644 .Rproj.user/702E4B2B/sources/prop/D0D76091
 create mode 100644 .Rproj.user/702E4B2B/sources/prop/INDEX
 create mode 100644 .Rproj.user/702E4B2B/sources/s-D2F97381/1430E130
 create mode 100644 .Rproj.user/702E4B2B/sources/s-D2F97381/1430E130-contents
 create mode 100644 .Rproj.user/702E4B2B/sources/s-D2F97381/44EBE934
 create mode 100644 .Rproj.user/702E4B2B/sources/s-D2F97381/44EBE934-contents
 create mode 100644 .Rproj.user/702E4B2B/sources/s-D2F97381/AAAD24FF-contents
 create mode 100644 .Rproj.user/702E4B2B/sources/s-D2F97381/EB96823C-contents
 create mode 100644 .Rproj.user/702E4B2B/sources/s-D2F97381/EC5F1E8C
 create mode 100644 .Rproj.user/702E4B2B/sources/s-D2F97381/EC5F1E8C-contents
 create mode 100644 .Rproj.user/702E4B2B/sources/s-D2F97381/F8F9DEFD
 create mode 100644 .Rproj.user/702E4B2B/sources/s-D2F97381/F8F9DEFD-contents
 create mode 100644 .Rproj.user/702E4B2B/sources/s-D2F97381/lock_file
 create mode 100644 .Rproj.user/shared/notebooks/patch-chunk-names
 create mode 100644 .Rproj.user/shared/notebooks/paths
 create mode 100644 DESCRIPTION
 create mode 100644 LICENSE
 create mode 100644 NAMESPACE
 create mode 100644 R/iisgcolors.R
 create mode 100644 iisgR.Rproj
 create mode 100644 man/iisgcolors.Rd
]0;~/Documents/iisgRag-fnr-0001ml:iisgR carltons$ git remote add origin https://github.com/jscarlton.[K/iisgR
]0;~/Documents/iisgRag-fnr-0001ml:iisgR carltons$ git push -u origin master
remote: Repository not found.
fatal: repository 'https://github.com/jscarlton/iisgR/' not found
]0;~/Documents/iisgRag-fnr-0001ml:iisgR carltons$ git push -u origin master
Counting objects: 44, done.
Delta compression using up to 8 threads.
Compressing objects:   3% (1/33)   Compressing objects:   6% (2/33)   Compressing objects:   9% (3/33)   Compressing objects:  12% (4/33)   Compressing objects:  15% (5/33)   Compressing objects:  18% (6/33)   Compressing objects:  21% (7/33)   Compressing objects:  24% (8/33)   Compressing objects:  27% (9/33)   Compressing objects:  30% (10/33)   Compressing objects:  33% (11/33)   Compressing objects:  36% (12/33)   Compressing objects:  39% (13/33)   Compressing objects:  42% (14/33)   Compressing objects:  45% (15/33)   Compressing objects:  48% (16/33)   Compressing objects:  51% (17/33)   Compressing objects:  54% (18/33)   Compressing objects:  57% (19/33)   Compressing objects:  60% (20/33)   Compressing objects:  63% (21/33)   Compressing objects:  66% (22/33)   Compressing objects:  69% (23/33)   Compressing objects:  72% (24/33)   Compressing objects:  75% (25/33)   Compressing objects:  78% (26/33)   Compressing objects:  81% (27/33)   Compressing objects:  84% (28/33)   Compressing objects:  87% (29/33)   Compressing objects:  90% (30/33)   Compressing objects:  93% (31/33)   Compressing objects:  96% (32/33)   Compressing objects: 100% (33/33)   Compressing objects: 100% (33/33), done.
Writing objects:   2% (1/44)   Writing objects:   4% (2/44)   Writing objects:   6% (3/44)   Writing objects:   9% (4/44)   Writing objects:  11% (5/44)   Writing objects:  13% (6/44)   Writing objects:  15% (7/44)   Writing objects:  18% (8/44)   Writing objects:  20% (9/44)   Writing objects:  22% (10/44)   Writing objects:  25% (11/44)   Writing objects:  27% (12/44)   Writing objects:  29% (13/44)   Writing objects:  31% (14/44)   Writing objects:  34% (15/44)   Writing objects:  36% (16/44)   Writing objects:  38% (17/44)   Writing objects:  40% (18/44)   Writing objects:  43% (19/44)   Writing objects:  45% (20/44)   Writing objects:  47% (21/44)   Writing objects:  50% (22/44)   Writing objects:  52% (23/44)   Writing objects:  54% (24/44)   Writing objects:  56% (25/44)   Writing objects:  59% (26/44)   Writing objects:  61% (27/44)   Writing objects:  68% (30/44)   Writing objects:  70% (31/44)   Writing objects:  72% (32/44)   Writing objects:  75% (33/44)   Writing objects:  77% (34/44)   Writing objects:  79% (35/44)   Writing objects:  81% (36/44)   Writing objects:  84% (37/44)   Writing objects:  86% (38/44)   Writing objects:  88% (39/44)   Writing objects:  90% (40/44)   Writing objects:  93% (41/44)   Writing objects:  95% (42/44)   Writing objects:  97% (43/44)   Writing objects: 100% (44/44)   Writing objects: 100% (44/44), 7.97 KiB | 138.00 KiB/s, done.
Total 44 (delta 4), reused 0 (delta 0)
remote: Resolving deltas:   0% (0/4)[Kremote: Resolving deltas:  75% (3/4)[Kremote: Resolving deltas: 100% (4/4)[Kremote: Resolving deltas: 100% (4/4), done.[K
To https://github.com/jscarlton/iisgR
 * [new branch]      master -> master
Branch 'master' set up to track remote branch 'master' from 'origin'.
]0;~/Documents/iisgRag-fnr-0001ml:iisgR carltons$ pico .gitino[K[Kh[Kgnore
>]0;~/Documents/iisgRag-fnr-0001ml:iisgR carltons$ git status
On branch master
Your branch is up to date with 'origin/master'.

Changes not staged for commit:
  (use "git add <file>..." to update what will be committed)
  (use "git checkout -- <file>..." to discard changes in working directory)

	[31mmodified:   .Rproj.user/702E4B2B/console06/E242CE18[m
	[31mmodified:   .Rproj.user/702E4B2B/console06/INDEX001[m
	[31mmodified:   .Rproj.user/702E4B2B/sources/prop/70AA8B5[m
	[31mmodified:   .Rproj.user/702E4B2B/sources/prop/CFADCAAB[m
	[31mmodified:   .Rproj.user/702E4B2B/sources/prop/D0D76091[m
	[31mmodified:   .Rproj.user/702E4B2B/sources/s-D2F97381/1430E130[m
	[31mmodified:   .Rproj.user/702E4B2B/sources/s-D2F97381/EC5F1E8C[m
	[31mmodified:   .Rproj.user/702E4B2B/sources/s-D2F97381/F8F9DEFD[m

Untracked files:
  (use "git add <file>..." to include in what will be committed)

	[31m.gitignore[m

no changes added to commit (use "git add" and/or "git commit -a")
]0;~/Documents/iisgRag-fnr-0001ml:iisgR carltons$ git add .gitignore 
]0;~/Documents/iisgRag-fnr-0001ml:iisgR carltons$ pico.[K .gitignore
>]0;~/Documents/iisgRag-fnr-0001ml:iisgR carltons$ git status
On branch master
Your branch is ahead of 'origin/master' by 1 commit.
  (use "git push" to publish your local commits)

Changes not staged for commit:
  (use "git add <file>..." to update what will be committed)
  (use "git checkout -- <file>..." to discard changes in working directory)

	[31mmodified:   .Rproj.user/702E4B2B/console06/E242CE18[m
	[31mmodified:   .gitignore[m

no changes added to commit (use "git add" and/or "git commit -a")
]0;~/Documents/iisgRag-fnr-0001ml:iisgR carltons$ git commit =[K-m "update .d[Kgitignore"
On branch master
Your branch is ahead of 'origin/master' by 1 commit.
  (use "git push" to publish your local commits)

Changes not staged for commit:
	[31mmodified:   .Rproj.user/702E4B2B/console06/E242CE18[m
	[31mmodified:   .gitignore[m

no changes added to commit
]0;~/Documents/iisgRag-fnr-0001ml:iisgR carltons$ git commit -m "update .gitignore"status[K[K[K[K[K[K[K[Ka[K add -a
error: unknown switch `a'
usage: git add [<options>] [--] <pathspec>...

    -n, --dry-run         dry run
    -v, --verbose         be verbose

    -i, --interactive     interactive picking
    -p, --patch           select hunks interactively
    -e, --edit            edit current diff and apply
    -f, --force           allow adding otherwise ignored files
    -u, --update          update tracked files
    --renormalize         renormalize EOL of tracked files (implies -u)
    -N, --intent-to-add   record only the fact that the path will be added later
    -A, --all             add changes from all tracked and untracked files
    --ignore-removal      ignore paths removed in the working tree (same as --no-all)
    --refresh             don't add, only refresh the index
    --ignore-errors       just skip files which cannot be added because of errors
    --ignore-missing      check if - even missing - files are ignored in dry run
    --chmod <(+/-)x>      override the executable bit of the listed files

]0;~/Documents/iisgRag-fnr-0001ml:iisgR carltons$ git add -a[K[K
Nothing specified, nothing added.
Maybe you wanted to say 'git add .'?
]0;~/Documents/iisgRag-fnr-0001ml:iisgR carltons$ git add -acommit -m "update .gitignore"status[K
On branch master
Your branch is ahead of 'origin/master' by 1 commit.
  (use "git push" to publish your local commits)

Changes not staged for commit:
  (use "git add <file>..." to update what will be committed)
  (use "git checkout -- <file>..." to discard changes in working directory)

	[31mmodified:   .Rproj.user/702E4B2B/console06/E242CE18[m
	[31mmodified:   .gitignore[m

no changes added to commit (use "git add" and/or "git commit -a")
]0;~/Documents/iisgRag-fnr-0001ml:iisgR carltons$ git add all
fatal: pathspec 'all' did not match any files
]0;~/Documents/iisgRag-fnr-0001ml:iisgR carltons$ git add all-all
error: did you mean `--all` (with two dashes ?)
]0;~/Documents/iisgRag-fnr-0001ml:iisgR carltons$ git add -all-all